
Id     Name            PSJobTypeName   State         HasMoreData     Location             Command                  
--     ----            -------------   -----         -----------     --------             -------                  
1      PowerShell.E...                 NotStarted    False                                ...                      
True
